== engine kernels (5 invocations each, min)
line='RESULT tight 0 10.2500 6 -1037600512'
nsop=10.2500
line='RESULT tight 0 10.3500 6 -1037600512'
nsop=10.3500
line='RESULT tight 0 10.3750 6 -1037600512'
nsop=10.3750
line='RESULT tight 0 10.3750 6 -1037600512'
nsop=10.3750
engine tight ws=0 ns/op=10.2500
line='RESULT broad 0 162.0000 3 -1803282230'
nsop=162.0000
line='RESULT broad 0 167.4000 3 -1803282230'
nsop=167.4000
line='RESULT broad 0 167.8000 3 -1803282230'
nsop=167.8000
line='RESULT broad 0 168.2000 3 -1803282230'
nsop=168.2000
engine broad ws=0 ns/op=162.0000
line='RESULT f64read 4096 15.5490 399 1614302080'
nsop=15.5490
line='RESULT f64read 4096 15.5114 399 1614302080'
nsop=15.5114
line='RESULT f64read 4096 15.5490 399 1614302080'
nsop=15.5490
line='RESULT f64read 4096 15.5114 399 1614302080'
nsop=15.5114
engine f64read ws=4096 ns/op=15.5114
line='RESULT f64rmw 4096 29.0020 201 -1379900288'
nsop=29.0020
line='RESULT f64rmw 4096 33.1025 201 -1379900288'
nsop=33.1025
line='RESULT f64rmw 4096 32.4316 201 -1379900288'
nsop=32.4316
line='RESULT f64rmw 4096 28.7783 201 -1379900288'
nsop=28.7783
engine f64rmw ws=4096 ns/op=28.7783
line='RESULT objread 4096 30.8772 171 684000000'
nsop=30.8772
line='RESULT objread 4096 30.8955 201 804000000'
nsop=30.8955
line='RESULT objread 4096 30.8209 201 804000000'
nsop=30.8209
line='RESULT objread 4096 30.8955 201 804000000'
nsop=30.8955
engine objread ws=4096 ns/op=30.8209
line='RESULT f64read 16384 15.4719 399 -1968274432'
nsop=15.4719
line='RESULT f64read 16384 15.1347 399 -1968274432'
nsop=15.1347
line='RESULT f64read 16384 15.0972 399 -1968274432'
nsop=15.0972
line='RESULT f64read 16384 15.1722 399 -1968274432'
nsop=15.1722
engine f64read ws=16384 ns/op=15.0972
line='RESULT f64rmw 16384 27.5151 201 693580800'
nsop=27.5151
line='RESULT f64rmw 16384 28.5562 201 693580800'
nsop=28.5562
line='RESULT f64rmw 16384 27.6527 240 -712785920'
nsop=27.6527
line='RESULT f64rmw 16384 27.5151 201 693580800'
nsop=27.5151
engine f64rmw ws=16384 ns/op=27.3664
line='RESULT objread 16384 28.2836 201 -1561367296'
nsop=28.2836
line='RESULT objread 16384 27.9851 201 -1561367296'
nsop=27.9851
line='RESULT objread 16384 28.5821 201 -1561367296'
nsop=28.5821
line='RESULT objread 16384 28.8060 201 -1561367296'
nsop=28.8060
engine objread ws=16384 ns/op=27.9851
line='RESULT f64read 65536 15.3827 399 -171423744'
nsop=15.3827
line='RESULT f64read 65536 15.3093 399 -171423744'
nsop=15.3093
line='RESULT f64read 65536 15.3320 300 1259708416'
nsop=15.3320
line='RESULT f64read 65536 15.3460 399 -171423744'
nsop=15.3460
engine f64read ws=65536 ns/op=15.3093
line='RESULT f64rmw 65536 27.8320 240 1481080832'
nsop=27.8320
line='RESULT f64rmw 65536 27.7664 201 822040576'
nsop=27.7664
line='RESULT f64rmw 65536 27.7100 240 1481080832'
nsop=27.7100
line='RESULT f64rmw 65536 27.4658 240 1481080832'
nsop=27.4658
engine f64rmw ws=65536 ns/op=27.4658
line='RESULT objread 65536 27.6609 240 -392921088'
nsop=27.6609
line='RESULT objread 65536 27.7858 240 -392921088'
nsop=27.7858
line='RESULT objread 65536 27.6609 240 -392921088'
nsop=27.6609
line='RESULT objread 65536 27.5985 240 -392921088'
nsop=27.5985
engine objread ws=65536 ns/op=27.5985
line='RESULT f64read 262144 15.0457 399 -1901928448'
nsop=15.0457
line='RESULT f64read 262144 15.0844 300 1056538624'
nsop=15.0844
line='RESULT f64read 262144 15.0844 300 1056538624'
nsop=15.0844
line='RESULT f64read 262144 15.0785 399 -1901928448'
nsop=15.0785
engine f64read ws=262144 ns/op=15.0408
line='RESULT f64rmw 262144 27.4593 201 -1536614400'
nsop=27.4593
line='RESULT f64rmw 262144 27.3052 171 1753931776'
nsop=27.3052
line='RESULT f64rmw 262144 27.4593 201 -1536614400'
nsop=27.4593
line='RESULT f64rmw 262144 27.3292 201 -1536614400'
nsop=27.3292
engine f64rmw ws=262144 ns/op=27.3052
line='RESULT objread 262144 28.8537 201 -1478606848'
nsop=28.8537
line='RESULT objread 262144 28.7114 240 -2021916672'
nsop=28.7114
line='RESULT objread 262144 28.9280 201 -1478606848'
nsop=28.9280
line='RESULT objread 262144 28.7049 201 -1478606848'
nsop=28.7049
engine objread ws=262144 ns/op=28.7049
line='RESULT f64read 1048576 14.8773 300 -19660800'
nsop=14.8773
line='RESULT f64read 1048576 14.9155 300 -19660800'
nsop=14.9155
line='RESULT f64read 1048576 14.9155 300 -19660800'
nsop=14.9155
line='RESULT f64read 1048576 14.9155 300 -19660800'
nsop=14.9155
engine f64read ws=1048576 ns/op=14.8773
line='RESULT f64rmw 1048576 27.4391 171 -734068736'
nsop=27.4391
line='RESULT f64rmw 1048576 27.3721 171 -734068736'
nsop=27.3721
line='RESULT f64rmw 1048576 27.6398 171 -734068736'
nsop=27.6398
line='RESULT f64rmw 1048576 27.5729 171 -734068736'
nsop=27.5729
engine f64rmw ws=1048576 ns/op=27.3721
line='RESULT objread 1048576 28.6492 240 -75759616'
nsop=28.6492
line='RESULT objread 1048576 28.5562 201 -2103558144'
nsop=28.5562
line='RESULT objread 1048576 28.6306 201 -2103558144'
nsop=28.6306
line='RESULT objread 1048576 28.6492 240 -75759616'
nsop=28.6492
engine objread ws=1048576 ns/op=28.5562
line='RESULT f64read 4194304 14.9918 150 -19660800'
nsop=14.9918
line='RESULT f64read 4194304 14.9536 150 -19660800'
nsop=14.9536
line='RESULT f64read 4194304 15.1249 171 -22413312'
nsop=15.1249
line='RESULT f64read 4194304 15.1443 150 -19660800'
nsop=15.1443
engine f64read ws=4194304 ns/op=14.9536
line='RESULT f64rmw 4194304 27.2948 87 2086797312'
nsop=27.2948
line='RESULT f64rmw 4194304 27.4264 87 2086797312'
nsop=27.4264
line='RESULT f64rmw 4194304 27.3387 81 1815478272'
nsop=27.3387
line='RESULT f64rmw 4194304 27.3387 81 1815478272'
nsop=27.3387
engine f64rmw ws=4194304 ns/op=27.2948
line='RESULT objread 4194304 28.8708 201 1513422848'
nsop=28.8708
line='RESULT objread 4194304 28.4995 171 -122748928'
nsop=28.4995
line='RESULT objread 4194304 28.4504 201 1513422848'
nsop=28.4504
line='RESULT objread 4194304 28.5204 201 1513422848'
nsop=28.5204
engine objread ws=4194304 ns/op=28.4504
line='RESULT f64read 16777216 14.9287 39 -20447232'
nsop=14.9287
line='RESULT f64read 16777216 14.9654 39 -20447232'
nsop=14.9654
line='RESULT f64read 16777216 14.8920 39 -20447232'
nsop=14.8920
line='RESULT f64read 16777216 14.8920 39 -20447232'
nsop=14.8920
engine f64read ws=16777216 ns/op=14.8920
line='RESULT f64rmw 16777216 27.6566 21 561512448'
nsop=27.6566
line='RESULT f64rmw 16777216 27.3841 21 561512448'
nsop=27.3841
line='RESULT f64rmw 16777216 27.3160 21 561512448'
nsop=27.3160
line='RESULT f64rmw 16777216 27.3841 21 561512448'
nsop=27.3841
engine f64rmw ws=16777216 ns/op=27.3160
line='RESULT objread 16777216 29.0680 150 157286400'
nsop=29.0680
line='RESULT objread 16777216 28.9154 150 157286400'
nsop=28.9154
line='RESULT objread 16777216 28.8391 150 157286400'
nsop=28.8391
line='RESULT objread 16777216 29.1122 171 179306496'
nsop=29.1122
engine objread ws=16777216 ns/op=28.8391
line='RESULT mega 4096 18.5000 300 450000000'
nsop=18.5000
line='RESULT mega 4096 18.4211 399 598500000'
nsop=18.4211
line='RESULT mega 4096 18.4962 399 598500000'
nsop=18.4962
line='RESULT mega 4096 18.3835 399 598500000'
nsop=18.3835
engine mega ws=4096 ns/op=18.3835
line='RESULT mega 16384 17.7500 300 1890000000'
nsop=17.7500
line='RESULT mega 16384 17.8000 300 1890000000'
nsop=17.8000
line='RESULT mega 16384 17.7500 300 1890000000'
nsop=17.7500
line='RESULT mega 16384 17.7500 300 1890000000'
nsop=17.7500
engine mega ws=16384 ns/op=17.7500
line='RESULT mega 65536 17.2391 399 1594332928'
nsop=17.2391
line='RESULT mega 65536 17.2834 300 -932590592'
nsop=17.2834
line='RESULT mega 65536 17.4333 300 -932590592'
nsop=17.4333
line='RESULT mega 65536 17.4333 300 -932590592'
nsop=17.4333
engine mega ws=65536 ns/op=17.2015
line='RESULT mega 262144 18.7341 300 733257728'
nsop=18.7341
line='RESULT mega 262144 18.6842 300 733257728'
nsop=18.6842
line='RESULT mega 262144 18.7341 300 733257728'
nsop=18.7341
line='RESULT mega 262144 18.5437 399 -1988294656'
nsop=18.5437
engine mega ws=262144 ns/op=18.5437
line='RESULT mega 1048576 18.3853 300 -1271619584'
nsop=18.3853
line='RESULT mega 1048576 18.1860 300 -1271619584'
nsop=18.1860
line='RESULT mega 1048576 18.3564 399 756877312'
nsop=18.3564
line='RESULT mega 1048576 18.2856 300 -1271619584'
nsop=18.2856
engine mega ws=1048576 ns/op=18.1860
calib RESULT stream 4096 2.0262 (acc=1471778112.0)
calib RESULT chase 4096 2.0218
calib RESULT stream 16384 1.4326 (acc=11785745664.0)
calib RESULT chase 16384 1.2980
calib RESULT stream 65536 1.2808 (acc=28767873024.0)
calib RESULT chase 65536 1.2798
calib RESULT stream 262144 1.2399 (acc=28749017088.0)
calib RESULT chase 262144 1.2417
calib RESULT stream 1048576 1.2488 (acc=28711305216.0)
calib RESULT chase 1048576 5.0182
calib RESULT stream 4194304 1.2398 (acc=28560457728.0)
calib RESULT chase 4194304 5.8880
calib RESULT stream 16777216 1.2403 (acc=27353677824.0)
calib RESULT chase 16777216 1.2450
calib RESULT stream 67108864 1.2436 (acc=22526558208.0)
calib RESULT chase 67108864 28.5857
calib RESULT stream 134217728 1.2429 (acc=25744637952.0)
calib RESULT chase 134217728 1.2446
== done, results in tests/agent/measure/d1_cache_pressure/d1_results.tsv
rc=0
